---
source: crates/hinoki-parser/src/lib.rs
expression: snapshot_parsing(contents)
---
Pair {
    rule: file,
    span: Span {
        str: "fn add() {\n\tlocal a = 5;\n\tlocal b = 10;\n\n\ta + b\n}\n",
        start: 0,
        end: 50,
    },
    inner: [
        Pair {
            rule: function_definition,
            span: Span {
                str: "fn add() {\n\tlocal a = 5;\n\tlocal b = 10;\n\n\ta + b\n}",
                start: 0,
                end: 49,
            },
            inner: [
                Pair {
                    rule: fn,
                    span: Span {
                        str: "fn",
                        start: 0,
                        end: 2,
                    },
                    inner: [],
                },
                Pair {
                    rule: ident,
                    span: Span {
                        str: "add",
                        start: 3,
                        end: 6,
                    },
                    inner: [],
                },
                Pair {
                    rule: block_expr,
                    span: Span {
                        str: "{\n\tlocal a = 5;\n\tlocal b = 10;\n\n\ta + b\n}",
                        start: 9,
                        end: 49,
                    },
                    inner: [
                        Pair {
                            rule: declaration_stmt,
                            span: Span {
                                str: "local a = 5;",
                                start: 12,
                                end: 24,
                            },
                            inner: [
                                Pair {
                                    rule: locality,
                                    span: Span {
                                        str: "local",
                                        start: 12,
                                        end: 17,
                                    },
                                    inner: [],
                                },
                                Pair {
                                    rule: ident,
                                    span: Span {
                                        str: "a",
                                        start: 18,
                                        end: 19,
                                    },
                                    inner: [],
                                },
                                Pair {
                                    rule: expr,
                                    span: Span {
                                        str: "5",
                                        start: 22,
                                        end: 23,
                                    },
                                    inner: [
                                        Pair {
                                            rule: term,
                                            span: Span {
                                                str: "5",
                                                start: 22,
                                                end: 23,
                                            },
                                            inner: [
                                                Pair {
                                                    rule: int,
                                                    span: Span {
                                                        str: "5",
                                                        start: 22,
                                                        end: 23,
                                                    },
                                                    inner: [],
                                                },
                                            ],
                                        },
                                    ],
                                },
                            ],
                        },
                        Pair {
                            rule: declaration_stmt,
                            span: Span {
                                str: "local b = 10;",
                                start: 26,
                                end: 39,
                            },
                            inner: [
                                Pair {
                                    rule: locality,
                                    span: Span {
                                        str: "local",
                                        start: 26,
                                        end: 31,
                                    },
                                    inner: [],
                                },
                                Pair {
                                    rule: ident,
                                    span: Span {
                                        str: "b",
                                        start: 32,
                                        end: 33,
                                    },
                                    inner: [],
                                },
                                Pair {
                                    rule: expr,
                                    span: Span {
                                        str: "10",
                                        start: 36,
                                        end: 38,
                                    },
                                    inner: [
                                        Pair {
                                            rule: term,
                                            span: Span {
                                                str: "10",
                                                start: 36,
                                                end: 38,
                                            },
                                            inner: [
                                                Pair {
                                                    rule: int,
                                                    span: Span {
                                                        str: "10",
                                                        start: 36,
                                                        end: 38,
                                                    },
                                                    inner: [],
                                                },
                                            ],
                                        },
                                    ],
                                },
                            ],
                        },
                        Pair {
                            rule: expr,
                            span: Span {
                                str: "a + b\n",
                                start: 42,
                                end: 48,
                            },
                            inner: [
                                Pair {
                                    rule: term,
                                    span: Span {
                                        str: "a",
                                        start: 42,
                                        end: 43,
                                    },
                                    inner: [
                                        Pair {
                                            rule: ident,
                                            span: Span {
                                                str: "a",
                                                start: 42,
                                                end: 43,
                                            },
                                            inner: [],
                                        },
                                    ],
                                },
                                Pair {
                                    rule: add,
                                    span: Span {
                                        str: "+",
                                        start: 44,
                                        end: 45,
                                    },
                                    inner: [],
                                },
                                Pair {
                                    rule: term,
                                    span: Span {
                                        str: "b",
                                        start: 46,
                                        end: 47,
                                    },
                                    inner: [
                                        Pair {
                                            rule: ident,
                                            span: Span {
                                                str: "b",
                                                start: 46,
                                                end: 47,
                                            },
                                            inner: [],
                                        },
                                    ],
                                },
                            ],
                        },
                    ],
                },
            ],
        },
        Pair {
            rule: EOI,
            span: Span {
                str: "",
                start: 50,
                end: 50,
            },
            inner: [],
        },
    ],
}
