---
source: crates/hinoki-parser/src/lib.rs
expression: snapshot_parsing(contents)
---
Pair {
    rule: file,
    span: Span {
        str: "fn test() {\n\t`hello world`\n}\n",
        start: 0,
        end: 29,
    },
    inner: [
        Pair {
            rule: function_definition,
            span: Span {
                str: "fn test() {\n\t`hello world`\n}",
                start: 0,
                end: 28,
            },
            inner: [
                Pair {
                    rule: fn,
                    span: Span {
                        str: "fn",
                        start: 0,
                        end: 2,
                    },
                    inner: [],
                },
                Pair {
                    rule: ident,
                    span: Span {
                        str: "test",
                        start: 3,
                        end: 7,
                    },
                    inner: [],
                },
                Pair {
                    rule: block_expr,
                    span: Span {
                        str: "{\n\t`hello world`\n}",
                        start: 10,
                        end: 28,
                    },
                    inner: [
                        Pair {
                            rule: expr,
                            span: Span {
                                str: "`hello world`\n",
                                start: 13,
                                end: 27,
                            },
                            inner: [
                                Pair {
                                    rule: term,
                                    span: Span {
                                        str: "`hello world`",
                                        start: 13,
                                        end: 26,
                                    },
                                    inner: [
                                        Pair {
                                            rule: string,
                                            span: Span {
                                                str: "`hello world`",
                                                start: 13,
                                                end: 26,
                                            },
                                            inner: [
                                                Pair {
                                                    rule: inner,
                                                    span: Span {
                                                        str: "hello world",
                                                        start: 14,
                                                        end: 25,
                                                    },
                                                    inner: [],
                                                },
                                            ],
                                        },
                                    ],
                                },
                            ],
                        },
                    ],
                },
            ],
        },
        Pair {
            rule: EOI,
            span: Span {
                str: "",
                start: 29,
                end: 29,
            },
            inner: [],
        },
    ],
}
