---
source: crates/hinoki-parser/src/lib.rs
expression: snapshot_parsing(contents)
---
Pair {
    rule: file,
    span: Span {
        str: "fn add() {\n\ta = 5;\n\tb = 10;\n\n\ta + b\n}\n",
        start: 0,
        end: 38,
    },
    inner: [
        Pair {
            rule: function_definition,
            span: Span {
                str: "fn add() {\n\ta = 5;\n\tb = 10;\n\n\ta + b\n}",
                start: 0,
                end: 37,
            },
            inner: [
                Pair {
                    rule: fn,
                    span: Span {
                        str: "fn",
                        start: 0,
                        end: 2,
                    },
                    inner: [],
                },
                Pair {
                    rule: ident,
                    span: Span {
                        str: "add",
                        start: 3,
                        end: 6,
                    },
                    inner: [],
                },
                Pair {
                    rule: block_expr,
                    span: Span {
                        str: "{\n\ta = 5;\n\tb = 10;\n\n\ta + b\n}",
                        start: 9,
                        end: 37,
                    },
                    inner: [
                        Pair {
                            rule: declaration_stmt,
                            span: Span {
                                str: "a = 5;",
                                start: 12,
                                end: 18,
                            },
                            inner: [
                                Pair {
                                    rule: ident,
                                    span: Span {
                                        str: "a",
                                        start: 12,
                                        end: 13,
                                    },
                                    inner: [],
                                },
                                Pair {
                                    rule: expr,
                                    span: Span {
                                        str: "5",
                                        start: 16,
                                        end: 17,
                                    },
                                    inner: [
                                        Pair {
                                            rule: term,
                                            span: Span {
                                                str: "5",
                                                start: 16,
                                                end: 17,
                                            },
                                            inner: [
                                                Pair {
                                                    rule: int,
                                                    span: Span {
                                                        str: "5",
                                                        start: 16,
                                                        end: 17,
                                                    },
                                                    inner: [],
                                                },
                                            ],
                                        },
                                    ],
                                },
                            ],
                        },
                        Pair {
                            rule: declaration_stmt,
                            span: Span {
                                str: "b = 10;",
                                start: 20,
                                end: 27,
                            },
                            inner: [
                                Pair {
                                    rule: ident,
                                    span: Span {
                                        str: "b",
                                        start: 20,
                                        end: 21,
                                    },
                                    inner: [],
                                },
                                Pair {
                                    rule: expr,
                                    span: Span {
                                        str: "10",
                                        start: 24,
                                        end: 26,
                                    },
                                    inner: [
                                        Pair {
                                            rule: term,
                                            span: Span {
                                                str: "10",
                                                start: 24,
                                                end: 26,
                                            },
                                            inner: [
                                                Pair {
                                                    rule: int,
                                                    span: Span {
                                                        str: "10",
                                                        start: 24,
                                                        end: 26,
                                                    },
                                                    inner: [],
                                                },
                                            ],
                                        },
                                    ],
                                },
                            ],
                        },
                        Pair {
                            rule: expr,
                            span: Span {
                                str: "a + b\n",
                                start: 30,
                                end: 36,
                            },
                            inner: [
                                Pair {
                                    rule: term,
                                    span: Span {
                                        str: "a",
                                        start: 30,
                                        end: 31,
                                    },
                                    inner: [
                                        Pair {
                                            rule: ident,
                                            span: Span {
                                                str: "a",
                                                start: 30,
                                                end: 31,
                                            },
                                            inner: [],
                                        },
                                    ],
                                },
                                Pair {
                                    rule: add,
                                    span: Span {
                                        str: "+",
                                        start: 32,
                                        end: 33,
                                    },
                                    inner: [],
                                },
                                Pair {
                                    rule: term,
                                    span: Span {
                                        str: "b",
                                        start: 34,
                                        end: 35,
                                    },
                                    inner: [
                                        Pair {
                                            rule: ident,
                                            span: Span {
                                                str: "b",
                                                start: 34,
                                                end: 35,
                                            },
                                            inner: [],
                                        },
                                    ],
                                },
                            ],
                        },
                    ],
                },
            ],
        },
        Pair {
            rule: EOI,
            span: Span {
                str: "",
                start: 38,
                end: 38,
            },
            inner: [],
        },
    ],
}
