---
source: crates/hinoki-parser/src/lib.rs
expression: snapshot_parsing(contents)
---
Pair {
    rule: file,
    span: Span {
        str: "fn identity(x: string) {\n\tx\t\n}\n",
        start: 0,
        end: 31,
    },
    inner: [
        Pair {
            rule: function_definition,
            span: Span {
                str: "fn identity(x: string) {\n\tx\t\n}",
                start: 0,
                end: 30,
            },
            inner: [
                Pair {
                    rule: fn,
                    span: Span {
                        str: "fn",
                        start: 0,
                        end: 2,
                    },
                    inner: [],
                },
                Pair {
                    rule: ident,
                    span: Span {
                        str: "identity",
                        start: 3,
                        end: 11,
                    },
                    inner: [],
                },
                Pair {
                    rule: function_parameter,
                    span: Span {
                        str: "x: string",
                        start: 12,
                        end: 21,
                    },
                    inner: [
                        Pair {
                            rule: ident,
                            span: Span {
                                str: "x",
                                start: 12,
                                end: 13,
                            },
                            inner: [],
                        },
                        Pair {
                            rule: type,
                            span: Span {
                                str: "string",
                                start: 15,
                                end: 21,
                            },
                            inner: [
                                Pair {
                                    rule: ident,
                                    span: Span {
                                        str: "string",
                                        start: 15,
                                        end: 21,
                                    },
                                    inner: [],
                                },
                            ],
                        },
                    ],
                },
                Pair {
                    rule: block_expr,
                    span: Span {
                        str: "{\n\tx\t\n}",
                        start: 23,
                        end: 30,
                    },
                    inner: [
                        Pair {
                            rule: expr,
                            span: Span {
                                str: "x\t\n",
                                start: 26,
                                end: 29,
                            },
                            inner: [
                                Pair {
                                    rule: term,
                                    span: Span {
                                        str: "x",
                                        start: 26,
                                        end: 27,
                                    },
                                    inner: [
                                        Pair {
                                            rule: ident,
                                            span: Span {
                                                str: "x",
                                                start: 26,
                                                end: 27,
                                            },
                                            inner: [],
                                        },
                                    ],
                                },
                            ],
                        },
                    ],
                },
            ],
        },
        Pair {
            rule: EOI,
            span: Span {
                str: "",
                start: 31,
                end: 31,
            },
            inner: [],
        },
    ],
}
